[2022-09-21T16:23:38.455+0700][gc] Using G1
[2022-09-21T16:23:38.456+0700][gc,init] Version: 16.0.2+7 (release)
[2022-09-21T16:23:38.456+0700][gc,init] CPUs: 8 total, 8 available
[2022-09-21T16:23:38.456+0700][gc,init] Memory: 8192M
[2022-09-21T16:23:38.456+0700][gc,init] Large Page Support: Disabled
[2022-09-21T16:23:38.456+0700][gc,init] NUMA Support: Disabled
[2022-09-21T16:23:38.456+0700][gc,init] Compressed Oops: Enabled (Zero based)
[2022-09-21T16:23:38.456+0700][gc,init] Heap Region Size: 1M
[2022-09-21T16:23:38.456+0700][gc,init] Heap Min Capacity: 512M
[2022-09-21T16:23:38.456+0700][gc,init] Heap Initial Capacity: 512M
[2022-09-21T16:23:38.456+0700][gc,init] Heap Max Capacity: 512M
[2022-09-21T16:23:38.456+0700][gc,init] Pre-touch: Disabled
[2022-09-21T16:23:38.456+0700][gc,init] Parallel Workers: 8
[2022-09-21T16:23:38.456+0700][gc,init] Concurrent Workers: 2
[2022-09-21T16:23:38.456+0700][gc,init] Concurrent Refinement Workers: 8
[2022-09-21T16:23:38.456+0700][gc,init] Periodic GC: Disabled
[2022-09-21T16:23:38.456+0700][gc,metaspace] Compressed class space mapped at: 0x0000000300000000-0x0000000340000000, reserved size: 1073741824
[2022-09-21T16:23:38.456+0700][gc,metaspace] Narrow klass base: 0x0000000000000000, Narrow klass shift: 3, Narrow klass range: 0x340000000
[2022-09-21T16:23:38.886+0700][gc,start    ] GC(0) Pause Young (Normal) (G1 Evacuation Pause)
[2022-09-21T16:23:38.886+0700][gc,task     ] GC(0) Using 8 workers of 8 for evacuation
[2022-09-21T16:23:38.890+0700][gc,phases   ] GC(0)   Pre Evacuate Collection Set: 0.1ms
[2022-09-21T16:23:38.890+0700][gc,phases   ] GC(0)   Merge Heap Roots: 0.2ms
[2022-09-21T16:23:38.890+0700][gc,phases   ] GC(0)   Evacuate Collection Set: 3.5ms
[2022-09-21T16:23:38.890+0700][gc,phases   ] GC(0)   Post Evacuate Collection Set: 0.3ms
[2022-09-21T16:23:38.890+0700][gc,phases   ] GC(0)   Other: 0.2ms
[2022-09-21T16:23:38.890+0700][gc,heap     ] GC(0) Eden regions: 25->0(21)
[2022-09-21T16:23:38.890+0700][gc,heap     ] GC(0) Survivor regions: 0->4(4)
[2022-09-21T16:23:38.890+0700][gc,heap     ] GC(0) Old regions: 0->5
[2022-09-21T16:23:38.890+0700][gc,heap     ] GC(0) Archive regions: 0->0
[2022-09-21T16:23:38.890+0700][gc,heap     ] GC(0) Humongous regions: 0->0
[2022-09-21T16:23:38.890+0700][gc,metaspace] GC(0) Metaspace: 14260K(14528K)->14260K(14528K) NonClass: 12863K(12992K)->12863K(12992K) Class: 1397K(1536K)->1397K(1536K)
[2022-09-21T16:23:38.890+0700][gc          ] GC(0) Pause Young (Normal) (G1 Evacuation Pause) 25M->8M(512M) 4.611ms
[2022-09-21T16:23:38.890+0700][gc,cpu      ] GC(0) User=0.01s Sys=0.00s Real=0.01s
[2022-09-21T16:33:57.584+0700][gc,heap,exit] Heap
[2022-09-21T16:33:57.598+0700][gc,heap,exit]  garbage-first heap   total 524288K, used 24447K [0x00000007a0000000, 0x00000007c0000000)
[2022-09-21T16:33:57.598+0700][gc,heap,exit]   region size 1024K, 19 young (19456K), 4 survivors (4096K)
[2022-09-21T16:33:57.598+0700][gc,heap,exit]  Metaspace       used 17047K, committed 17344K, reserved 1064960K
[2022-09-21T16:33:57.598+0700][gc,heap,exit]   class space    used 1653K, committed 1792K, reserved 1048576K
